<html>
<body>
<pre>
<h1>µVision Build Log</h1>
<h2>Tool Versions:</h2>
IDE-Version: ¦ÌVision V5.41.0.0
Copyright (C) 2024 ARM Ltd and ARM Germany GmbH. All rights reserved.
License Information: L18836167378@outlook.com L18836167378@outlook.com, L, LIC=BUURY-I0AME-74KS0-B31Z0-4UUX2-WF4L2
 
Tool Versions:
Toolchain:       MDK-ARM Plus  Version: 5.41.0.0
Toolchain Path:  D:\Keil_v5\ARM\ARMCC\Bin
C Compiler:      Armcc.exe V5.06 update 7 (build 960)
Assembler:       Armasm.exe V5.06 update 7 (build 960)
Linker/Locator:  ArmLink.exe V5.06 update 7 (build 960)
Library Manager: ArmAr.exe V5.06 update 7 (build 960)
Hex Converter:   FromElf.exe V5.06 update 7 (build 960)
CPU DLL:         SARMCM3.DLL V5.41.0.0
Dialog DLL:      DCM.DLL V1.17.5.0
Target DLL:      STLink\ST-LINKIII-KEIL_SWO.dll V3.3.0.0
Dialog DLL:      TCM.DLL V1.56.4.0
 
<h2>Project:</h2>
D:\401\MDK-ARM\401.uvprojx
Project File Date:  06/09/2026

<h2>Output:</h2>
*** Using Compiler 'V5.06 update 7 (build 960)', folder: 'D:\Keil_v5\ARM\ARMCC\Bin'
Rebuild target '401'
Note: source file '../Core/Src/system_stm32f4xx.c' - object file renamed from '401\system_stm32f4xx.o' to '401\system_stm32f4xx_1.o'.
assembling startup_stm32f401xe.s...
compiling stm32f4xx_hal_flash_ramfunc.c...
compiling stm32f4xx_hal_i2c_ex.c...
compiling stm32f4xx_hal_flash.c...
compiling stm32f4xx_it.c...
compiling stm32f4xx_hal_flash_ex.c...
compiling usart.c...
compiling stm32f4xx_hal_msp.c...
compiling stm32f4xx_hal_rcc_ex.c...
compiling rtc_time.c...
compiling cst816d.c...
compiling stm32f4xx_hal_timebase_tim.c...
compiling stm32f4xx_hal_rcc.c...
compiling lcd_gc9a01.c...
compiling main.c...
compiling stm32f4xx_hal_i2c.c...
compiling stm32f4xx_hal_gpio.c...
compiling stm32f4xx_hal.c...
compiling stm32f4xx_hal_exti.c...
compiling lv_disp.c...
compiling stm32f4xx_hal_pwr_ex.c...
compiling stm32f4xx_hal_rtc_ex.c...
compiling stm32f4xx_hal_cortex.c...
compiling stm32f4xx_hal_pwr.c...
compiling lv_event.c...
..\lvgl\src\core\lv_event.c(120): warning:  #188-D: enumerated type mixed with another type
      return e->code & ~LV_EVENT_PREPROCESS;
..\lvgl\src\core\lv_event.c: 1 warning, 0 errors
compiling stm32f4xx_hal_rtc.c...
compiling stm32f4xx_hal_dma.c...
compiling stm32f4xx_hal_dma_ex.c...
compiling lv_group.c...
compiling system_stm32f4xx.c...
compiling stm32f4xx_hal_spi.c...
compiling lv_obj_class.c...
compiling lv_indev_scroll.c...
compiling lv_indev.c...
compiling lv_obj_draw.c...
..\lvgl\src\core\lv_obj_draw.c(392): warning:  #188-D: enumerated type mixed with another type
      if(obj->spec_attr) return obj->spec_attr->layer_type;
..\lvgl\src\core\lv_obj_draw.c: 1 warning, 0 errors
compiling stm32f4xx_hal_tim_ex.c...
compiling stm32f4xx_hal_uart.c...
compiling lv_port_fs.c...
compiling lv_obj.c...
compiling lv_obj_tree.c...
compiling lv_obj_style_gen.c...
compiling lv_draw.c...
compiling lv_obj_pos.c...
compiling lv_obj_scroll.c...
compiling lv_theme.c...
compiling lv_obj_style.c...
compiling stm32f4xx_hal_tim.c...
compiling lv_draw_arc.c...
compiling lv_refr.c...
compiling lv_draw_img.c...
compiling lv_draw_layer.c...
compiling lv_draw_line.c...
compiling lv_draw_rect.c...
compiling lv_draw_label.c...
compiling lv_draw_transform.c...
compiling lv_draw_triangle.c...
compiling lv_img_cache.c...
compiling lv_img_buf.c...
compiling lv_draw_pxp.c...
compiling lv_draw_pxp_blend.c...
compiling lv_gpu_arm2d.c...
compiling lv_draw_mask.c...
compiling lv_gpu_nxp_pxp.c...
compiling lv_img_decoder.c...
compiling lv_gpu_nxp_pxp_osa.c...
compiling lv_draw_vglite.c...
compiling lv_draw_vglite_arc.c...
compiling lv_draw_vglite_blend.c...
compiling lv_draw_vglite_line.c...
compiling lv_draw_vglite_rect.c...
compiling lv_vglite_buf.c...
compiling lv_vglite_utils.c...
compiling lv_draw_sdl.c...
compiling lv_draw_sdl_arc.c...
compiling lv_gpu_d2_draw_label.c...
compiling lv_draw_sdl_bg.c...
compiling lv_gpu_d2_ra6m3.c...
compiling lv_draw_sdl_composite.c...
compiling lv_draw_sdl_img.c...
compiling lv_draw_sdl_label.c...
compiling lv_draw_sdl_layer.c...
compiling lv_draw_sdl_line.c...
compiling lv_draw_sdl_mask.c...
compiling lv_draw_sdl_polygon.c...
compiling lv_draw_sdl_rect.c...
compiling lv_draw_sdl_stack_blur.c...
compiling lv_port_disp.c...
compiling lv_draw_sdl_texture_cache.c...
compiling lv_draw_sdl_utils.c...
compiling lv_port_indev.c...
compiling lv_draw_sw.c...
compiling lv_gpu_stm32_dma2d.c...
..\lvgl\src\draw\stm32_dma2d\lv_gpu_stm32_dma2d.c(796): warning:  #1-D: last line of file ends without a newline
  #endif // LV_USE_GPU_STM32_DMA2D
..\lvgl\src\draw\stm32_dma2d\lv_gpu_stm32_dma2d.c: 1 warning, 0 errors
compiling lv_draw_sw_dither.c...
compiling lv_draw_sw_arc.c...
compiling lv_draw_sw_gradient.c...
compiling lv_draw_sw_layer.c...
compiling lv_draw_sw_img.c...
compiling lv_draw_sw_letter.c...
compiling lv_draw_sw_polygon.c...
compiling lv_draw_sw_blend.c...
compiling lv_draw_sw_line.c...
compiling lv_gpu_swm341_dma2d.c...
compiling lv_draw_sw_transform.c...
compiling lv_extra.c...
compiling lv_flex.c...
compiling lv_bmp.c...
compiling gifdec.c...
compiling lv_ffmpeg.c...
compiling lv_grid.c...
..\lvgl\src\extra\layouts\grid\lv_grid.c(591): warning:  #188-D: enumerated type mixed with another type
      lv_grid_align_t col_align = get_cell_col_align(item);
..\lvgl\src\extra\layouts\grid\lv_grid.c(592): warning:  #188-D: enumerated type mixed with another type
      lv_grid_align_t row_align = get_cell_row_align(item);
..\lvgl\src\extra\layouts\grid\lv_grid.c: 2 warnings, 0 errors
compiling lv_freetype.c...
compiling lv_fs_fatfs.c...
compiling lv_draw_sw_rect.c...
..\lvgl\src\draw\sw\lv_draw_sw_rect.c(238): warning:  #546-D: transfer of control bypasses initialization of:
            variable "mask_any_center"  (declared at line 285)
          goto bg_clean_up;
          ^
..\lvgl\src\draw\sw\lv_draw_sw_rect.c: 1 warning, 0 errors
compiling lv_fs_littlefs.c...
compiling lv_fs_posix.c...
compiling lv_fs_win32.c...
compiling lv_fs_stdio.c...
compiling lv_gif.c...
compiling lodepng.c...
compiling lv_png.c...
compiling tjpgd.c...
compiling lv_fragment.c...
compiling lv_qrcode.c...
compiling lv_fragment_manager.c...
compiling lv_rlottie.c...
compiling lv_sjpg.c...
compiling qrcodegen.c...
..\lvgl\src\extra\libs\qrcode\qrcodegen.c(278): warning:  #188-D: enumerated type mixed with another type
  	applyMask(tempBuffer, qrcode, mask);
..\lvgl\src\extra\libs\qrcode\qrcodegen.c(279): warning:  #188-D: enumerated type mixed with another type
  	drawFormatBits(ecl, mask, qrcode);
..\lvgl\src\extra\libs\qrcode\qrcodegen.c(620): warning:  #111-D: statement is unreachable
  				default:  LV_ASSERT(false);  return;
..\lvgl\src\extra\libs\qrcode\qrcodegen.c(853): warning:  #111-D: statement is unreachable
  		return -1;
..\lvgl\src\extra\libs\qrcode\qrcodegen.c(1008): warning:  #111-D: statement is unreachable
  		default:  LV_ASSERT(false);  return -1;  // Dummy value
..\lvgl\src\extra\libs\qrcode\qrcodegen.c: 5 warnings, 0 errors
compiling lv_tiny_ttf.c...
compiling lv_gridnav.c...
compiling lv_msg.c...
compiling lv_snapshot.c...
compiling lv_ime_pinyin.c...
compiling lv_imgfont.c...
compiling lv_monkey.c...
compiling lv_calendar_header_arrow.c...
compiling lv_theme_basic.c...
compiling lv_animimg.c...
compiling lv_calendar_header_dropdown.c...
compiling lv_theme_mono.c...
compiling lv_calendar.c...
compiling lv_list.c...
compiling lv_keyboard.c...
compiling lv_menu.c...
compiling lv_colorwheel.c...
compiling lv_imgbtn.c...
compiling lv_led.c...
compiling lv_theme_default.c...
..\lvgl\src\extra\themes\default\lv_theme_default.c(213): warning:  #188-D: enumerated type mixed with another type
..\lvgl\src\extra\themes\default\lv_theme_default.c: 1 warning, 0 errors
compiling lv_tileview.c...
compiling lv_font.c...
compiling lv_msgbox.c...
compiling lv_spinner.c...
compiling lv_meter.c...
compiling lv_spinbox.c...
compiling lv_tabview.c...
compiling lv_font_fmt_txt.c...
..\lvgl\src\font\lv_font_fmt_txt.c(137): warning:  #111-D: statement is unreachable
      return NULL;
..\lvgl\src\font\lv_font_fmt_txt.c: 1 warning, 0 errors
compiling lv_win.c...
compiling lv_font_dejavu_16_persian_hebrew.c...
compiling lv_chart.c...
compiling lv_span.c...
..\lvgl\src\extra\widgets\span\lv_span.c(901): warning:  #546-D: transfer of control bypasses initialization of:
            variable "align"  (declared at line 905)
              goto Next_line_init;
              ^
..\lvgl\src\extra\widgets\span\lv_span.c: 1 warning, 0 errors
compiling lv_font_montserrat_8.c...
compiling lv_font_montserrat_10.c...
compiling lv_font_montserrat_12.c...
compiling lv_font_loader.c...
compiling lv_font_montserrat_12_subpx.c...
compiling lv_font_montserrat_14.c...
compiling lv_font_montserrat_16.c...
compiling lv_font_montserrat_18.c...
compiling lv_font_montserrat_20.c...
compiling lv_font_montserrat_22.c...
compiling lv_font_montserrat_24.c...
compiling lv_font_montserrat_28_compressed.c...
compiling lv_font_montserrat_26.c...
compiling lv_font_montserrat_28.c...
compiling lv_font_montserrat_30.c...
compiling lv_font_montserrat_32.c...
compiling lv_font_montserrat_34.c...
compiling lv_font_montserrat_36.c...
compiling lv_font_montserrat_38.c...
compiling lv_font_montserrat_40.c...
compiling lv_font_montserrat_42.c...
compiling lv_anim_timeline.c...
compiling lv_hal_indev.c...
compiling lv_anim.c...
compiling lv_font_montserrat_44.c...
compiling lv_font_unscii_8.c...
compiling lv_font_simsun_16_cjk.c...
compiling lv_font_montserrat_46.c...
compiling lv_font_unscii_16.c...
compiling lv_async.c...
compiling lv_hal_disp.c...
..\lvgl\src\hal\lv_hal_disp.c(582): warning:  #188-D: enumerated type mixed with another type
      return disp->driver->rotated;
..\lvgl\src\hal\lv_hal_disp.c: 1 warning, 0 errors
compiling lv_font_montserrat_48.c...
compiling lv_area.c...
compiling lv_bidi.c...
compiling lv_color.c...
compiling lv_log.c...
compiling lv_gc.c...
compiling lv_ll.c...
compiling lv_lru.c...
..\lvgl\src\misc\lv_lru.c(241): warning:  #68-D: integer conversion resulted in a change of sign
      uint32_t i = 0, min_index = -1;
..\lvgl\src\misc\lv_lru.c(242): warning:  #68-D: integer conversion resulted in a change of sign
      uint64_t min_access_count = -1;
..\lvgl\src\misc\lv_lru.c: 2 warnings, 0 errors
compiling lv_fs.c...
compiling lv_math.c...
compiling lv_mem.c...
..\lvgl\src\misc\lv_mem.c(325): warning:  #111-D: statement is unreachable
      return NULL;
..\lvgl\src\misc\lv_mem.c: 1 warning, 0 errors
compiling lv_templ.c...
compiling lv_style.c...
..\lvgl\src\misc\lv_style.c(214): warning:  #188-D: enumerated type mixed with another type
      return last_custom_prop_id;
..\lvgl\src\misc\lv_style.c(219): warning:  #188-D: enumerated type mixed with another type
      return last_custom_prop_id - _LV_STYLE_LAST_BUILT_IN_PROP;
..\lvgl\src\misc\lv_style.c(290): warning:  #188-D: enumerated type mixed with another type
      lv_style_set_prop_internal(style, prop | meta, null_style_value, lv_style_set_prop_meta_helper);
..\lvgl\src\misc\lv_style.c: 3 warnings, 0 errors
compiling lv_printf.c...
compiling lv_style_gen.c...
compiling lv_utils.c...
compiling lv_timer.c...
compiling lv_txt_ap.c...
compiling lv_tlsf.c...
..\lvgl\src\misc\lv_tlsf.c(898): warning:  #68-D: integer conversion resulted in a change of sign
          offset_to_block(pool, -(int)block_header_overhead);
..\lvgl\src\misc\lv_tlsf.c(1000): warning:  #68-D: integer conversion resulted in a change of sign
      block = offset_to_block(mem, -(tlsfptr_t)block_header_overhead);
..\lvgl\src\misc\lv_tlsf.c(1018): warning:  #68-D: integer conversion resulted in a change of sign
      block_header_t * block = offset_to_block(pool, -(int)block_header_overhead);
..\lvgl\src\misc\lv_tlsf.c: 3 warnings, 0 errors
compiling lv_bar.c...
compiling lv_txt.c...
compiling lv_hal_tick.c...
compiling lv_btn.c...
compiling lv_arc.c...
compiling lv_checkbox.c...
compiling lv_objx_templ.c...
compiling lv_line.c...
compiling lv_canvas.c...
compiling lv_slider.c...
compiling lv_dropdown.c...
compiling lv_img.c...
compiling lv_btnmatrix.c...
compiling lv_roller.c...
compiling lv_switch.c...
compiling lv_label.c...
compiling lv_textarea.c...
compiling lv_table.c...
linking...
Program Size: Code=156826 RO-data=55330 RW-data=572 ZI-data=18540  
FromELF: creating hex file...
"401\401.axf" - 0 Error(s), 24 Warning(s).

<h2>Software Packages used:</h2>

Package Vendor: ARM
                https://www.keil.com/pack/ARM.CMSIS.6.1.0.pack
                ARM::CMSIS@6.1.0
                CMSIS (Common Microcontroller Software Interface Standard)
   * Component: CORE Version: 6.1.0

Package Vendor: Keil
                http://www.keil.com/pack/Keil.STM32F4xx_DFP.2.16.0.pack
                Keil::STM32F4xx_DFP@2.16.0
                STMicroelectronics STM32F4 Series Device Support, Drivers and Examples

<h2>Collection of Component include folders:</h2>
  ./RTE/_401
  D:/Keil_v5/ARM/PACK/ARM/CMSIS/6.1.0/CMSIS/Core/Include
  D:/Keil_v5/ARM/PACK/Keil/STM32F4xx_DFP/2.16.0/Drivers/CMSIS/Device/ST/STM32F4xx/Include

<h2>Collection of Component Files used:</h2>

   * Component: ARM::CMSIS:CORE@6.1.0
      Include file:  CMSIS/Core/Include/tz_context.h
Build Time Elapsed:  00:00:25
</pre>
</body>
</html>
